// Jest Snapshot v1, https://goo.gl/fbAQLP

exports[`Card snapshot test 1`] = `
ShallowWrapper {
  "length": 1,
  Symbol(enzyme.__root__): [Circular],
  Symbol(enzyme.__unrendered__): <Card />,
  Symbol(enzyme.__renderer__): Object {
    "batchedUpdates": [Function],
    "getNode": [Function],
    "render": [Function],
    "simulateEvent": [Function],
    "unmount": [Function],
  },
  Symbol(enzyme.__node__): Object {
    "instance": null,
    "key": undefined,
    "nodeType": "host",
    "props": Object {
      "children": Array [
        <img
          src={undefined}
/>,
        <div
          className="card-text"
>
          <h1
                    className="artist-name"
          />
          <h2
                    className="location-name"
          >
                    , 
          </h2>
          <p>
                     at 
          </p>
          <p />
          <a
                    href="{ticketurl}"
          />
</div>,
      ],
      "className": "card",
    },
    "ref": null,
    "rendered": Array [
      Object {
        "instance": null,
        "key": undefined,
        "nodeType": "host",
        "props": Object {
          "src": undefined,
        },
        "ref": null,
        "rendered": null,
        "type": "img",
      },
      Object {
        "instance": null,
        "key": undefined,
        "nodeType": "host",
        "props": Object {
          "children": Array [
            <h1
              className="artist-name"
/>,
            <h2
              className="location-name"
>
              , 
</h2>,
            <p>
               at 
</p>,
            <p />,
            <a
              href="{ticketurl}"
/>,
          ],
          "className": "card-text",
        },
        "ref": null,
        "rendered": Array [
          Object {
            "instance": null,
            "key": undefined,
            "nodeType": "host",
            "props": Object {
              "children": undefined,
              "className": "artist-name",
            },
            "ref": null,
            "rendered": null,
            "type": "h1",
          },
          Object {
            "instance": null,
            "key": undefined,
            "nodeType": "host",
            "props": Object {
              "children": Array [
                undefined,
                ", ",
                undefined,
              ],
              "className": "location-name",
            },
            "ref": null,
            "rendered": Array [
              undefined,
              ", ",
              undefined,
            ],
            "type": "h2",
          },
          Object {
            "instance": null,
            "key": undefined,
            "nodeType": "host",
            "props": Object {
              "children": Array [
                undefined,
                " at ",
                undefined,
              ],
            },
            "ref": null,
            "rendered": Array [
              undefined,
              " at ",
              undefined,
            ],
            "type": "p",
          },
          Object {
            "instance": null,
            "key": undefined,
            "nodeType": "host",
            "props": Object {
              "children": undefined,
            },
            "ref": null,
            "rendered": null,
            "type": "p",
          },
          Object {
            "instance": null,
            "key": undefined,
            "nodeType": "host",
            "props": Object {
              "children": undefined,
              "href": "{ticketurl}",
            },
            "ref": null,
            "rendered": null,
            "type": "a",
          },
        ],
        "type": "div",
      },
    ],
    "type": "div",
  },
  Symbol(enzyme.__nodes__): Array [
    Object {
      "instance": null,
      "key": undefined,
      "nodeType": "host",
      "props": Object {
        "children": Array [
          <img
            src={undefined}
/>,
          <div
            className="card-text"
>
            <h1
                        className="artist-name"
            />
            <h2
                        className="location-name"
            >
                        , 
            </h2>
            <p>
                         at 
            </p>
            <p />
            <a
                        href="{ticketurl}"
            />
</div>,
        ],
        "className": "card",
      },
      "ref": null,
      "rendered": Array [
        Object {
          "instance": null,
          "key": undefined,
          "nodeType": "host",
          "props": Object {
            "src": undefined,
          },
          "ref": null,
          "rendered": null,
          "type": "img",
        },
        Object {
          "instance": null,
          "key": undefined,
          "nodeType": "host",
          "props": Object {
            "children": Array [
              <h1
                className="artist-name"
/>,
              <h2
                className="location-name"
>
                , 
</h2>,
              <p>
                 at 
</p>,
              <p />,
              <a
                href="{ticketurl}"
/>,
            ],
            "className": "card-text",
          },
          "ref": null,
          "rendered": Array [
            Object {
              "instance": null,
              "key": undefined,
              "nodeType": "host",
              "props": Object {
                "children": undefined,
                "className": "artist-name",
              },
              "ref": null,
              "rendered": null,
              "type": "h1",
            },
            Object {
              "instance": null,
              "key": undefined,
              "nodeType": "host",
              "props": Object {
                "children": Array [
                  undefined,
                  ", ",
                  undefined,
                ],
                "className": "location-name",
              },
              "ref": null,
              "rendered": Array [
                undefined,
                ", ",
                undefined,
              ],
              "type": "h2",
            },
            Object {
              "instance": null,
              "key": undefined,
              "nodeType": "host",
              "props": Object {
                "children": Array [
                  undefined,
                  " at ",
                  undefined,
                ],
              },
              "ref": null,
              "rendered": Array [
                undefined,
                " at ",
                undefined,
              ],
              "type": "p",
            },
            Object {
              "instance": null,
              "key": undefined,
              "nodeType": "host",
              "props": Object {
                "children": undefined,
              },
              "ref": null,
              "rendered": null,
              "type": "p",
            },
            Object {
              "instance": null,
              "key": undefined,
              "nodeType": "host",
              "props": Object {
                "children": undefined,
                "href": "{ticketurl}",
              },
              "ref": null,
              "rendered": null,
              "type": "a",
            },
          ],
          "type": "div",
        },
      ],
      "type": "div",
    },
  ],
  Symbol(enzyme.__options__): Object {
    "adapter": ReactSixteenAdapter {
      "options": Object {
        "enableComponentDidUpdateOnSetState": true,
      },
    },
  },
}
`;
