// Jest Snapshot v1, https://goo.gl/fbAQLP

exports[`Header snapshot test 1`] = `
ShallowWrapper {
  "length": 1,
  Symbol(enzyme.__root__): [Circular],
  Symbol(enzyme.__unrendered__): <Header />,
  Symbol(enzyme.__renderer__): Object {
    "batchedUpdates": [Function],
    "getNode": [Function],
    "render": [Function],
    "simulateEvent": [Function],
    "unmount": [Function],
  },
  Symbol(enzyme.__node__): Object {
    "instance": null,
    "key": undefined,
    "nodeType": "host",
    "props": Object {
      "children": Array [
        <div
          className="above-header"
>
          <h1>
                    Bands 
                    <span>
                              in the
                    </span>
                     Backyard
          </h1>
          <div>
                    <NavLink
                              activeClassName="active"
                              ariaCurrent="true"
                              className="home nav"
                              to="/home"
                    >
                              HOME
                    </NavLink>
                    <NavLink
                              activeClassName="active"
                              ariaCurrent="true"
                              className="artists nav"
                              to="/artists"
                    >
                              ARTISTS
                    </NavLink>
          </div>
</div>,
        <header />,
        <div>
          <Route
                    component={[Function]}
                    exact={true}
                    path="/home"
          />
          <Route
                    component={[Function]}
                    exact={true}
                    path="/artists"
          />
</div>,
      ],
    },
    "ref": null,
    "rendered": Array [
      Object {
        "instance": null,
        "key": undefined,
        "nodeType": "host",
        "props": Object {
          "children": Array [
            <h1>
              Bands 
              <span>
                            in the
              </span>
               Backyard
</h1>,
            <div>
              <NavLink
                            activeClassName="active"
                            ariaCurrent="true"
                            className="home nav"
                            to="/home"
              >
                            HOME
              </NavLink>
              <NavLink
                            activeClassName="active"
                            ariaCurrent="true"
                            className="artists nav"
                            to="/artists"
              >
                            ARTISTS
              </NavLink>
</div>,
          ],
          "className": "above-header",
        },
        "ref": null,
        "rendered": Array [
          Object {
            "instance": null,
            "key": undefined,
            "nodeType": "host",
            "props": Object {
              "children": Array [
                "Bands ",
                <span>
                  in the
</span>,
                " Backyard",
              ],
            },
            "ref": null,
            "rendered": Array [
              "Bands ",
              Object {
                "instance": null,
                "key": undefined,
                "nodeType": "host",
                "props": Object {
                  "children": "in the",
                },
                "ref": null,
                "rendered": "in the",
                "type": "span",
              },
              " Backyard",
            ],
            "type": "h1",
          },
          Object {
            "instance": null,
            "key": undefined,
            "nodeType": "host",
            "props": Object {
              "children": Array [
                <NavLink
                  activeClassName="active"
                  ariaCurrent="true"
                  className="home nav"
                  to="/home"
>
                  HOME
</NavLink>,
                <NavLink
                  activeClassName="active"
                  ariaCurrent="true"
                  className="artists nav"
                  to="/artists"
>
                  ARTISTS
</NavLink>,
              ],
            },
            "ref": null,
            "rendered": Array [
              Object {
                "instance": null,
                "key": undefined,
                "nodeType": "function",
                "props": Object {
                  "activeClassName": "active",
                  "ariaCurrent": "true",
                  "children": "HOME",
                  "className": "home nav",
                  "to": "/home",
                },
                "ref": null,
                "rendered": "HOME",
                "type": [Function],
              },
              Object {
                "instance": null,
                "key": undefined,
                "nodeType": "function",
                "props": Object {
                  "activeClassName": "active",
                  "ariaCurrent": "true",
                  "children": "ARTISTS",
                  "className": "artists nav",
                  "to": "/artists",
                },
                "ref": null,
                "rendered": "ARTISTS",
                "type": [Function],
              },
            ],
            "type": "div",
          },
        ],
        "type": "div",
      },
      Object {
        "instance": null,
        "key": undefined,
        "nodeType": "host",
        "props": Object {},
        "ref": null,
        "rendered": null,
        "type": "header",
      },
      Object {
        "instance": null,
        "key": undefined,
        "nodeType": "host",
        "props": Object {
          "children": Array [
            <Route
              component={[Function]}
              exact={true}
              path="/home"
/>,
            <Route
              component={[Function]}
              exact={true}
              path="/artists"
/>,
          ],
        },
        "ref": null,
        "rendered": Array [
          Object {
            "instance": null,
            "key": undefined,
            "nodeType": "class",
            "props": Object {
              "component": [Function],
              "exact": true,
              "path": "/home",
            },
            "ref": null,
            "rendered": null,
            "type": [Function],
          },
          Object {
            "instance": null,
            "key": undefined,
            "nodeType": "class",
            "props": Object {
              "component": [Function],
              "exact": true,
              "path": "/artists",
            },
            "ref": null,
            "rendered": null,
            "type": [Function],
          },
        ],
        "type": "div",
      },
    ],
    "type": "div",
  },
  Symbol(enzyme.__nodes__): Array [
    Object {
      "instance": null,
      "key": undefined,
      "nodeType": "host",
      "props": Object {
        "children": Array [
          <div
            className="above-header"
>
            <h1>
                        Bands 
                        <span>
                                    in the
                        </span>
                         Backyard
            </h1>
            <div>
                        <NavLink
                                    activeClassName="active"
                                    ariaCurrent="true"
                                    className="home nav"
                                    to="/home"
                        >
                                    HOME
                        </NavLink>
                        <NavLink
                                    activeClassName="active"
                                    ariaCurrent="true"
                                    className="artists nav"
                                    to="/artists"
                        >
                                    ARTISTS
                        </NavLink>
            </div>
</div>,
          <header />,
          <div>
            <Route
                        component={[Function]}
                        exact={true}
                        path="/home"
            />
            <Route
                        component={[Function]}
                        exact={true}
                        path="/artists"
            />
</div>,
        ],
      },
      "ref": null,
      "rendered": Array [
        Object {
          "instance": null,
          "key": undefined,
          "nodeType": "host",
          "props": Object {
            "children": Array [
              <h1>
                Bands 
                <span>
                                in the
                </span>
                 Backyard
</h1>,
              <div>
                <NavLink
                                activeClassName="active"
                                ariaCurrent="true"
                                className="home nav"
                                to="/home"
                >
                                HOME
                </NavLink>
                <NavLink
                                activeClassName="active"
                                ariaCurrent="true"
                                className="artists nav"
                                to="/artists"
                >
                                ARTISTS
                </NavLink>
</div>,
            ],
            "className": "above-header",
          },
          "ref": null,
          "rendered": Array [
            Object {
              "instance": null,
              "key": undefined,
              "nodeType": "host",
              "props": Object {
                "children": Array [
                  "Bands ",
                  <span>
                    in the
</span>,
                  " Backyard",
                ],
              },
              "ref": null,
              "rendered": Array [
                "Bands ",
                Object {
                  "instance": null,
                  "key": undefined,
                  "nodeType": "host",
                  "props": Object {
                    "children": "in the",
                  },
                  "ref": null,
                  "rendered": "in the",
                  "type": "span",
                },
                " Backyard",
              ],
              "type": "h1",
            },
            Object {
              "instance": null,
              "key": undefined,
              "nodeType": "host",
              "props": Object {
                "children": Array [
                  <NavLink
                    activeClassName="active"
                    ariaCurrent="true"
                    className="home nav"
                    to="/home"
>
                    HOME
</NavLink>,
                  <NavLink
                    activeClassName="active"
                    ariaCurrent="true"
                    className="artists nav"
                    to="/artists"
>
                    ARTISTS
</NavLink>,
                ],
              },
              "ref": null,
              "rendered": Array [
                Object {
                  "instance": null,
                  "key": undefined,
                  "nodeType": "function",
                  "props": Object {
                    "activeClassName": "active",
                    "ariaCurrent": "true",
                    "children": "HOME",
                    "className": "home nav",
                    "to": "/home",
                  },
                  "ref": null,
                  "rendered": "HOME",
                  "type": [Function],
                },
                Object {
                  "instance": null,
                  "key": undefined,
                  "nodeType": "function",
                  "props": Object {
                    "activeClassName": "active",
                    "ariaCurrent": "true",
                    "children": "ARTISTS",
                    "className": "artists nav",
                    "to": "/artists",
                  },
                  "ref": null,
                  "rendered": "ARTISTS",
                  "type": [Function],
                },
              ],
              "type": "div",
            },
          ],
          "type": "div",
        },
        Object {
          "instance": null,
          "key": undefined,
          "nodeType": "host",
          "props": Object {},
          "ref": null,
          "rendered": null,
          "type": "header",
        },
        Object {
          "instance": null,
          "key": undefined,
          "nodeType": "host",
          "props": Object {
            "children": Array [
              <Route
                component={[Function]}
                exact={true}
                path="/home"
/>,
              <Route
                component={[Function]}
                exact={true}
                path="/artists"
/>,
            ],
          },
          "ref": null,
          "rendered": Array [
            Object {
              "instance": null,
              "key": undefined,
              "nodeType": "class",
              "props": Object {
                "component": [Function],
                "exact": true,
                "path": "/home",
              },
              "ref": null,
              "rendered": null,
              "type": [Function],
            },
            Object {
              "instance": null,
              "key": undefined,
              "nodeType": "class",
              "props": Object {
                "component": [Function],
                "exact": true,
                "path": "/artists",
              },
              "ref": null,
              "rendered": null,
              "type": [Function],
            },
          ],
          "type": "div",
        },
      ],
      "type": "div",
    },
  ],
  Symbol(enzyme.__options__): Object {
    "adapter": ReactSixteenAdapter {
      "options": Object {
        "enableComponentDidUpdateOnSetState": true,
      },
    },
  },
}
`;
